MO div1khz NULL div1khz.v vlg39/div1khz.bin 1669537194
MO miaobiaotop NULL miaobiaotop.v vlg58/miaobiaotop.bin 1669537194
MO div1mhz NULL div1mhz.v vlg6B/div1mhz.bin 1669537194
MO leddisplaynew NULL leddisplaynew.v vlg75/leddisplaynew.bin 1669537194
MO xiaodou NULL xiaodou.v vlg5D/xiaodou.bin 1669537194
MO div100hz NULL div100hz.v vlg76/div100hz.bin 1669537194
MO counter6 NULL counter6.v vlg06/counter6.bin 1669537194
MO counter10 NULL counter10.v vlg35/counter10.bin 1669537194
